<script id="test" type="application/json">"[{\"id\": 1, \"name\": \"test\"}]"</script>